puddle doctor (puddle 0.1.0, windows x86_64)

info  CPU virtualization    unknown
FAIL  Hypervisor            the hypervisor query failed
      fix:  Restart Windows and run puddle doctor again. If this stays, include the line below
            when you report it.
      from: WHvGetCapability failed: HRESULT 0x80070005
info  Code integrity        memory integrity (HVCI) on; App Control policy for programs off
ok    Bundled runtime       msb 0.7.7-puddle.2 (C:\Users\dev\AppData\Local\Programs\puddle\runtime\msb.exe)
ok    Runtime starts        msb 0.7.7-puddle.2 (0.0 s)
skip  Test boot             not checked: no usable hypervisor
ok    Global Secure Access  client not installed

1 problem to fix before puddle can run sandboxes. (1.2 s)

---
{
  "schema_version": 1,
  "puddle_version": "0.1.0",
  "os": "windows",
  "arch": "x86_64",
  "ok": false,
  "checks": [
    {
      "id": "virtualization",
      "status": "info",
      "summary": "unknown"
    },
    {
      "id": "hypervisor",
      "status": "fail",
      "summary": "the hypervisor query failed",
      "finding": "hypervisor_query_failed",
      "fix": "Restart Windows and run puddle doctor again. If this stays, include the line below when you report it.",
      "detail": "WHvGetCapability failed: HRESULT 0x80070005"
    },
    {
      "id": "code_integrity",
      "status": "info",
      "summary": "memory integrity (HVCI) on; App Control policy for programs off"
    },
    {
      "id": "runtime",
      "status": "ok",
      "summary": "msb 0.7.7-puddle.2 (C:\\Users\\dev\\AppData\\Local\\Programs\\puddle\\runtime\\msb.exe)"
    },
    {
      "id": "launch",
      "status": "ok",
      "summary": "msb 0.7.7-puddle.2 (0.0 s)"
    },
    {
      "id": "test_boot",
      "status": "skipped",
      "summary": "not checked: no usable hypervisor"
    },
    {
      "id": "global_secure_access",
      "status": "ok",
      "summary": "client not installed"
    }
  ],
  "elapsed_ms": 1234
}
